[kaamastra.co.in/index.html]
[backblue.gif]
[fade.gif]
[index.html]
[stackpath.bootstrapcdn.com/bootstrap/4.3.1/css/bootstrap.min.css]
[cdnjs.cloudflare.com/ajax/libs/Swiper/4.4.6/css/swiper.min.css]
[kaamastra.co.in/css/magnific-popup.css]
[kaamastra.co.in/css/styles.css]
[maxcdn.bootstrapcdn.com/font-awesome/latest/css/font-awesome.min.css]
[kaamastra.co.in/images/unnamed.gif]
[kaamastra.co.in/images/Tengenix-ingr.jpg]
[kaamastra.co.in/images/banner.jpg]
[kaamastra.co.in/images/product.png]
[kaamastra.co.in/images/productx2.png]
[kaamastra.co.in/images/01.jpg]
[kaamastra.co.in/images/01.gif]
[kaamastra.co.in/images/02.jpg]
[kaamastra.co.in/images/02.gif]
[kaamastra.co.in/images/03.f.delayed]
[kaamastra.co.in/images/03.gif]
[kaamastra.co.in/images/04.jpg]
[kaamastra.co.in/images/04.gif]
[kaamastra.co.in/images/05.gif]
[kaamastra.co.in/images/testimonial-1.jpg]
[kaamastra.co.in/images/testimonial-2.jpg]
[kaamastra.co.in/images/testimonial-3.jpg]
[kaamastra.co.in/images/testimonial-4.jpg]
[kaamastra.co.in/images/Jg4dOFht_400x400.jpg]
[kaamastra.co.in/images/source.gif]
[code.jquery.com/jquery-3.5.1.min.js]
[cdn.jsdelivr.net/npm/sweetalert2@11.4.15/dist/sweetalert2.all.min.js]
[cdnjs.cloudflare.com/ajax/libs/popper.js/2.6.0/umd/popper.min.js]
[stackpath.bootstrapcdn.com/bootstrap/4.3.1/js/bootstrap.min.js]
[cdnjs.cloudflare.com/ajax/libs/Swiper/4.4.6/js/swiper.min.js]
[kaamastra.co.in/js/morphext.min.js]
[kaamastra.co.in/js/scripts.js]
[kaamastra.co.in/index.html]
[stackpath.bootstrapcdn.com/bootstrap/4.3.1/css/bootstrap.min.css]
[cdnjs.cloudflare.com/ajax/libs/Swiper/4.4.6/css/swiper.min.css]
[kaamastra.co.in/css/magnific-popup.css]
[kaamastra.co.in/images/down-arrow.png]
[kaamastra.co.in/images/header-background.jpg]
[kaamastra.co.in/images/download-background.jpg]
[kaamastra.co.in/images/contact-background.jpg]
[kaamastra.co.in/images/up-arrow.png]
[kaamastra.co.in/css/styles.css]
[maxcdn.bootstrapcdn.com/font-awesome/latest/css/font-awesome.min.css]
[kaamastra.co.in/images/index.html]
[kaamastra.co.in/images/01.html]
[kaamastra.co.in/images/02.html]
[kaamastra.co.in/images/03.html]
[kaamastra.co.in/images/04.html]
[kaamastra.co.in/images/indexs.html]
[kaamastra.co.in/images/header-background.html]
[kaamastra.co.in/images/download-background.html]
